// Vitest Snapshot v1

exports[`plugins/toml > should add toml rule properly 1`] = `
{
  "module": {
    "rules": [
      {
        "test": /\\\\\\.toml\\$/,
        "use": [
          {
            "loader": "<ROOT>/packages/builder/builder-provider-webpack/compiled/toml-loader",
          },
        ],
      },
    ],
  },
}
`;
