// Vitest Snapshot v1

exports[`plugins/moduleScopes > should set entry correctly 1`] = `
{
  "resolve": {
    "plugins": [
      ModuleScopePlugin {
        "allowedDirs": [
          "<ROOT>/packages/builder/webpack-build-provider/src/foo.ts",
          "<ROOT>/packages/builder/webpack-build-provider/src/bar.ts",
        ],
        "allowedFiles": Set {
          "<ROOT>/packages/builder/webpack-build-provider/package.json",
        },
        "allowedPatterns": [],
        "cache": Map {},
        "relativeAllowedDirs": [
          "foo.ts/",
          "bar.ts/",
        ],
        "scopes": [
          "<ROOT>/packages/builder/webpack-build-provider/src/foo.ts",
          "<ROOT>/packages/builder/webpack-build-provider/src/bar.ts",
        ],
      },
    ],
  },
}
`;
